#
# There is insufficient memory for the Java Runtime Environment to continue.
# Native memory allocation (malloc) failed to allocate 65552 bytes for Chunk::new
# Possible reasons:
#   The system is out of physical RAM or swap space
#   In 32 bit mode, the process size limit was hit
# Possible solutions:
#   Reduce memory load on the system
#   Increase physical memory or swap space
#   Check if swap backing store is full
#   Use 64 bit Java on a 64 bit OS
#   Decrease Java heap size (-Xmx/-Xms)
#   Decrease number of Java threads
#   Decrease Java thread stack sizes (-Xss)
#   Set larger code cache with -XX:ReservedCodeCacheSize=
# This output file may be truncated or incomplete.
#
#  Out of Memory Error (allocation.cpp:390), pid=2072, tid=0x0000000000001228
#
# JRE version: Java(TM) SE Runtime Environment (8.0_111-b14) (build 1.8.0_111-b14)
# Java VM: Java HotSpot(TM) 64-Bit Server VM (25.111-b14 mixed mode windows-amd64 compressed oops)
# Failed to write core dump. 
#

---------------  T H R E A D  ---------------

Current thread (0x0000000018f98800):  JavaThread "C2 CompilerThread0" daemon [_thread_in_native, id=4648, stack(0x0000000019fc0000,0x000000001a0c0000)]

Stack: [0x0000000019fc0000,0x000000001a0c0000]
[error occurred during error reporting (printing stack bounds), id 0xc0000005]

Native frames: (J=compiled Java code, j=interpreted, Vv=VM code, C=native code)


Current CompileTask:
C2:   3775  904   !   4       com.sun.tools.javac.jvm.ClassReader::classSigToType (498 bytes)


---------------  P R O C E S S  ---------------

Java Threads: ( => current thread )
  0x0000000018fc7000 JavaThread "Service Thread" daemon [_thread_blocked, id=4212, stack(0x000000001a1c0000,0x000000001a2c0000)]
  0x0000000018f9e800 JavaThread "C1 CompilerThread1" daemon [_thread_blocked, id=5896, stack(0x000000001a0c0000,0x000000001a1c0000)]
=>0x0000000018f98800 JavaThread "C2 CompilerThread0" daemon [_thread_in_native, id=4648, stack(0x0000000019fc0000,0x000000001a0c0000)]
  0x0000000018f97000 JavaThread "Attach Listener" daemon [_thread_blocked, id=5808, stack(0x0000000019ec0000,0x0000000019fc0000)]
  0x0000000018f90800 JavaThread "Signal Dispatcher" daemon [_thread_blocked, id=5364, stack(0x0000000019dc0000,0x0000000019ec0000)]
  0x0000000018f88800 JavaThread "Finalizer" daemon [_thread_blocked, id=5216, stack(0x0000000019be0000,0x0000000019ce0000)]
  0x000000000224d800 JavaThread "Reference Handler" daemon [_thread_blocked, id=4256, stack(0x0000000019ae0000,0x0000000019be0000)]
  0x000000000230d800 JavaThread "main" [_thread_in_vm, id=5472, stack(0x0000000000910000,0x0000000000a10000)]

Other Threads:
  0x0000000018f67800 VMThread [stack: 0x00000000199e0000,0x0000000019ae0000] [id=4984]
  0x0000000018ffa800 WatcherThread [stack: 0x000000001a2c0000,0x000000001a3c0000] [id=4056]

VM state:not at safepoint (normal execution)

VM Mutex/Monitor currently owned by a thread: None

Heap:
 PSYoungGen      total 29696K, used 20913K [0x0000000781800000, 0x0000000784880000, 0x00000007c0000000)
  eden space 24576K, 76% used [0x0000000781800000,0x0000000782a70b48,0x0000000783000000)
  from space 5120K, 39% used [0x0000000784380000,0x000000078457bb18,0x0000000784880000)
  to   space 3584K, 0% used [0x0000000783000000,0x0000000783000000,0x0000000783380000)
 ParOldGen       total 15360K, used 14907K [0x0000000704800000, 0x0000000705700000, 0x0000000781800000)
  object space 15360K, 97% used [0x0000000704800000,0x000000070568efa8,0x0000000705700000)
 Metaspace       used 8123K, capacity 8756K, committed 8960K, reserved 1056768K
  class space    used 954K, capacity 1008K, committed 1024K, reserved 1048576K

Card table byte_map: [0x00000000116d0000,0x0000000011cb0000] byte_map_base: 0x000000000deac000

Marking Bits: (ParMarkBitMap*) 0x000000006adba6c0
 Begin Bits: [0x00000000122a0000, 0x0000000015180000)
 End Bits:   [0x0000000015180000, 0x0000000018060000)

Polling page: 0x0000000000a10000

CodeCache: size=245760Kb used=4161Kb max_used=4161Kb free=241598Kb
 bounds [0x0000000002310000, 0x0000000002730000, 0x0000000011310000]
 total_blobs=1235 nmethods=948 adapters=200
 compilation: enabled

Compilation events (10 events):
Event: 3.738 Thread 0x0000000018f9e800  912       3       com.sun.tools.javac.jvm.ClassReader::adjustMethodFlags (59 bytes)
Event: 3.738 Thread 0x0000000018f9e800 nmethod 912 0x000000000270dcd0 code [0x000000000270de20, 0x000000000270e090]
Event: 3.738 Thread 0x0000000018f9e800  913       3       com.sun.tools.javac.jvm.ClassReader::initParameterNames (58 bytes)
Event: 3.738 Thread 0x0000000018f9e800 nmethod 913 0x000000000270e110 code [0x000000000270e300, 0x000000000270ec08]
Event: 3.738 Thread 0x0000000018f9e800  916       1       com.sun.tools.javac.code.Scope$2::accepts (2 bytes)
Event: 3.738 Thread 0x0000000018f9e800 nmethod 916 0x0000000002708b90 code [0x0000000002708ce0, 0x0000000002708df0]
Event: 3.738 Thread 0x0000000018f9e800  907       1       com.sun.tools.javac.code.Types::access$900 (5 bytes)
Event: 3.739 Thread 0x0000000018f9e800 nmethod 907 0x000000000270f010 code [0x000000000270f160, 0x000000000270f250]
Event: 3.739 Thread 0x0000000018f9e800  911       1       com.sun.tools.javac.file.Locations$SimpleLocationHandler::getLocation (5 bytes)
Event: 3.739 Thread 0x0000000018f9e800 nmethod 911 0x000000000270f2d0 code [0x000000000270f420, 0x000000000270f530]

GC Heap History (10 events):
Event: 1.304 GC heap before
{Heap before GC invocations=8 (full 0):
 PSYoungGen      total 14848K, used 14795K [0x0000000781800000, 0x0000000783700000, 0x00000007c0000000)
  eden space 12288K, 99% used [0x0000000781800000,0x00000007823f5658,0x0000000782400000)
  from space 2560K, 99% used [0x0000000782400000,0x000000078267d7c8,0x0000000782680000)
  to   space 3584K, 0% used [0x0000000783380000,0x0000000783380000,0x0000000783700000)
 ParOldGen       total 5632K, used 3612K [0x0000000704800000, 0x0000000704d80000, 0x0000000781800000)
  object space 5632K, 64% used [0x0000000704800000,0x0000000704b873d0,0x0000000704d80000)
 Metaspace       used 6918K, capacity 7828K, committed 8192K, reserved 1056768K
  class space    used 861K, capacity 912K, committed 1024K, reserved 1048576K
Event: 1.870 GC heap after
Heap after GC invocations=8 (full 0):
 PSYoungGen      total 28160K, used 2364K [0x0000000781800000, 0x0000000783700000, 0x00000007c0000000)
  eden space 24576K, 0% used [0x0000000781800000,0x0000000781800000,0x0000000783000000)
  from space 3584K, 65% used [0x0000000783380000,0x00000007835cf0c8,0x0000000783700000)
  to   space 3584K, 0% used [0x0000000783000000,0x0000000783000000,0x0000000783380000)
 ParOldGen       total 5632K, used 3836K [0x0000000704800000, 0x0000000704d80000, 0x0000000781800000)
  object space 5632K, 68% used [0x0000000704800000,0x0000000704bbf3f0,0x0000000704d80000)
 Metaspace       used 6918K, capacity 7828K, committed 8192K, reserved 1056768K
  class space    used 861K, capacity 912K, committed 1024K, reserved 1048576K
}
Event: 2.699 GC heap before
{Heap before GC invocations=9 (full 0):
 PSYoungGen      total 28160K, used 26940K [0x0000000781800000, 0x0000000783700000, 0x00000007c0000000)
  eden space 24576K, 100% used [0x0000000781800000,0x0000000783000000,0x0000000783000000)
  from space 3584K, 65% used [0x0000000783380000,0x00000007835cf0c8,0x0000000783700000)
  to   space 3584K, 0% used [0x0000000783000000,0x0000000783000000,0x0000000783380000)
 ParOldGen       total 5632K, used 3836K [0x0000000704800000, 0x0000000704d80000, 0x0000000781800000)
  object space 5632K, 68% used [0x0000000704800000,0x0000000704bbf3f0,0x0000000704d80000)
 Metaspace       used 7592K, capacity 8308K, committed 8448K, reserved 1056768K
  class space    used 914K, capacity 944K, committed 1024K, reserved 1048576K
Event: 2.712 GC heap after
Heap after GC invocations=9 (full 0):
 PSYoungGen      total 28160K, used 3579K [0x0000000781800000, 0x0000000784880000, 0x00000007c0000000)
  eden space 24576K, 0% used [0x0000000781800000,0x0000000781800000,0x0000000783000000)
  from space 3584K, 99% used [0x0000000783000000,0x000000078337ef68,0x0000000783380000)
  to   space 5120K, 0% used [0x0000000784380000,0x0000000784380000,0x0000000784880000)
 ParOldGen       total 6656K, used 6210K [0x0000000704800000, 0x0000000704e80000, 0x0000000781800000)
  object space 6656K, 93% used [0x0000000704800000,0x0000000704e10950,0x0000000704e80000)
 Metaspace       used 7592K, capacity 8308K, committed 8448K, reserved 1056768K
  class space    used 914K, capacity 944K, committed 1024K, reserved 1048576K
}
Event: 2.712 GC heap before
{Heap before GC invocations=10 (full 1):
 PSYoungGen      total 28160K, used 3579K [0x0000000781800000, 0x0000000784880000, 0x00000007c0000000)
  eden space 24576K, 0% used [0x0000000781800000,0x0000000781800000,0x0000000783000000)
  from space 3584K, 99% used [0x0000000783000000,0x000000078337ef68,0x0000000783380000)
  to   space 5120K, 0% used [0x0000000784380000,0x0000000784380000,0x0000000784880000)
 ParOldGen       total 6656K, used 6210K [0x0000000704800000, 0x0000000704e80000, 0x0000000781800000)
  object space 6656K, 93% used [0x0000000704800000,0x0000000704e10950,0x0000000704e80000)
 Metaspace       used 7592K, capacity 8308K, committed 8448K, reserved 1056768K
  class space    used 914K, capacity 944K, committed 1024K, reserved 1048576K
Event: 2.832 GC heap after
Heap after GC invocations=10 (full 1):
 PSYoungGen      total 28160K, used 1756K [0x0000000781800000, 0x0000000784880000, 0x00000007c0000000)
  eden space 24576K, 0% used [0x0000000781800000,0x0000000781800000,0x0000000783000000)
  from space 3584K, 49% used [0x0000000783000000,0x00000007831b72f0,0x0000000783380000)
  to   space 5120K, 0% used [0x0000000784380000,0x0000000784380000,0x0000000784880000)
 ParOldGen       total 10752K, used 6188K [0x0000000704800000, 0x0000000705280000, 0x0000000781800000)
  object space 10752K, 57% used [0x0000000704800000,0x0000000704e0b158,0x0000000705280000)
 Metaspace       used 7592K, capacity 8308K, committed 8448K, reserved 1056768K
  class space    used 914K, capacity 944K, committed 1024K, reserved 1048576K
}
Event: 3.037 GC heap before
{Heap before GC invocations=11 (full 1):
 PSYoungGen      total 28160K, used 26332K [0x0000000781800000, 0x0000000784880000, 0x00000007c0000000)
  eden space 24576K, 100% used [0x0000000781800000,0x0000000783000000,0x0000000783000000)
  from space 3584K, 49% used [0x0000000783000000,0x00000007831b72f0,0x0000000783380000)
  to   space 5120K, 0% used [0x0000000784380000,0x0000000784380000,0x0000000784880000)
 ParOldGen       total 10752K, used 6188K [0x0000000704800000, 0x0000000705280000, 0x0000000781800000)
  object space 10752K, 57% used [0x0000000704800000,0x0000000704e0b158,0x0000000705280000)
 Metaspace       used 7836K, capacity 8436K, committed 8704K, reserved 1056768K
  class space    used 929K, capacity 944K, committed 1024K, reserved 1048576K
Event: 3.429 GC heap after
Heap after GC invocations=11 (full 1):
 PSYoungGen      total 29696K, used 5109K [0x0000000781800000, 0x0000000784880000, 0x00000007c0000000)
  eden space 24576K, 0% used [0x0000000781800000,0x0000000781800000,0x0000000783000000)
  from space 5120K, 99% used [0x0000000784380000,0x000000078487d420,0x0000000784880000)
  to   space 3584K, 0% used [0x0000000783000000,0x0000000783000000,0x0000000783380000)
 ParOldGen       total 15360K, used 14879K [0x0000000704800000, 0x0000000705700000, 0x0000000781800000)
  object space 15360K, 96% used [0x0000000704800000,0x0000000705687d40,0x0000000705700000)
 Metaspace       used 7836K, capacity 8436K, committed 8704K, reserved 1056768K
  class space    used 929K, capacity 944K, committed 1024K, reserved 1048576K
}
Event: 3.429 GC heap before
{Heap before GC invocations=12 (full 2):
 PSYoungGen      total 29696K, used 5109K [0x0000000781800000, 0x0000000784880000, 0x00000007c0000000)
  eden space 24576K, 0% used [0x0000000781800000,0x0000000781800000,0x0000000783000000)
  from space 5120K, 99% used [0x0000000784380000,0x000000078487d420,0x0000000784880000)
  to   space 3584K, 0% used [0x0000000783000000,0x0000000783000000,0x0000000783380000)
 ParOldGen       total 15360K, used 14879K [0x0000000704800000, 0x0000000705700000, 0x0000000781800000)
  object space 15360K, 96% used [0x0000000704800000,0x0000000705687d40,0x0000000705700000)
 Metaspace       used 7836K, capacity 8436K, committed 8704K, reserved 1056768K
  class space    used 929K, capacity 944K, committed 1024K, reserved 1048576K
Event: 3.520 GC heap after
Heap after GC invocations=12 (full 2):
 PSYoungGen      total 29696K, used 2030K [0x0000000781800000, 0x0000000784880000, 0x00000007c0000000)
  eden space 24576K, 0% used [0x0000000781800000,0x0000000781800000,0x0000000783000000)
  from space 5120K, 39% used [0x0000000784380000,0x000000078457bb18,0x0000000784880000)
  to   space 3584K, 0% used [0x0000000783000000,0x0000000783000000,0x0000000783380000)
 ParOldGen       total 15360K, used 14907K [0x0000000704800000, 0x0000000705700000, 0x0000000781800000)
  object space 15360K, 97% used [0x0000000704800000,0x000000070568efa8,0x0000000705700000)
 Metaspace       used 7836K, capacity 8436K, committed 8704K, reserved 1056768K
  class space    used 929K, capacity 944K, committed 1024K, reserved 1048576K
}

Deoptimization events (10 events):
Event: 2.924 Thread 0x000000000230d800 Uncommon trap: reason=array_check action=maybe_recompile pc=0x000000000261a4a0 method=java.util.ComparableTimSort.binarySort([Ljava/lang/Object;III)V @ 215
Event: 2.924 Thread 0x000000000230d800 Uncommon trap: reason=array_check action=maybe_recompile pc=0x000000000261a4a0 method=java.util.ComparableTimSort.binarySort([Ljava/lang/Object;III)V @ 215
Event: 2.925 Thread 0x000000000230d800 Uncommon trap: reason=array_check action=maybe_recompile pc=0x000000000261a4a0 method=java.util.ComparableTimSort.binarySort([Ljava/lang/Object;III)V @ 215
Event: 2.925 Thread 0x000000000230d800 Uncommon trap: reason=array_check action=maybe_recompile pc=0x000000000261a4a0 method=java.util.ComparableTimSort.binarySort([Ljava/lang/Object;III)V @ 215
Event: 2.931 Thread 0x000000000230d800 Uncommon trap: reason=array_check action=maybe_recompile pc=0x000000000261ce48 method=java.util.ComparableTimSort.binarySort([Ljava/lang/Object;III)V @ 193
Event: 2.931 Thread 0x000000000230d800 Uncommon trap: reason=array_check action=maybe_recompile pc=0x000000000261cf10 method=java.util.ComparableTimSort.binarySort([Ljava/lang/Object;III)V @ 183
Event: 2.931 Thread 0x000000000230d800 Uncommon trap: reason=array_check action=maybe_recompile pc=0x000000000261ce48 method=java.util.ComparableTimSort.binarySort([Ljava/lang/Object;III)V @ 193
Event: 3.718 Thread 0x000000000230d800 Uncommon trap: reason=unstable_if action=reinterpret pc=0x0000000002708764 method=com.sun.tools.javac.util.ArrayUtils.ensureCapacity([BI)[B @ 3
Event: 3.725 Thread 0x000000000230d800 Uncommon trap: reason=class_check action=maybe_recompile pc=0x00000000026f0528 method=com.sun.tools.javac.util.List.prependList(Lcom/sun/tools/javac/util/List;)Lcom/sun/tools/javac/util/List; @ 1
Event: 3.726 Thread 0x000000000230d800 Uncommon trap: reason=class_check action=maybe_recompile pc=0x00000000026f0528 method=com.sun.tools.javac.util.List.prependList(Lcom/sun/tools/javac/util/List;)Lcom/sun/tools/javac/util/List; @ 1

Internal exceptions (10 events):
Event: 0.027 Thread 0x000000000230d800 Exception <a 'java/lang/NoSuchMethodError': Method sun.misc.Unsafe.defineClass(Ljava/lang/String;[BII)Ljava/lang/Class; name or signature does not match> (0x0000000781807cd8) thrown at [C:\re\workspace\8-2-build-windows-amd64-cygwin\jdk8u111\7883\hotspot\
Event: 0.027 Thread 0x000000000230d800 Exception <a 'java/lang/NoSuchMethodError': Method sun.misc.Unsafe.prefetchRead(Ljava/lang/Object;J)V name or signature does not match> (0x0000000781807fc0) thrown at [C:\re\workspace\8-2-build-windows-amd64-cygwin\jdk8u111\7883\hotspot\src\share\vm\prims
Event: 0.157 Thread 0x000000000230d800 Exception <a 'java/security/PrivilegedActionException'> (0x0000000781973448) thrown at [C:\re\workspace\8-2-build-windows-amd64-cygwin\jdk8u111\7883\hotspot\src\share\vm\prims\jvm.cpp, line 1386]
Event: 0.157 Thread 0x000000000230d800 Exception <a 'java/security/PrivilegedActionException'> (0x0000000781973840) thrown at [C:\re\workspace\8-2-build-windows-amd64-cygwin\jdk8u111\7883\hotspot\src\share\vm\prims\jvm.cpp, line 1386]
Event: 0.158 Thread 0x000000000230d800 Exception <a 'java/security/PrivilegedActionException'> (0x0000000781977910) thrown at [C:\re\workspace\8-2-build-windows-amd64-cygwin\jdk8u111\7883\hotspot\src\share\vm\prims\jvm.cpp, line 1386]
Event: 0.158 Thread 0x000000000230d800 Exception <a 'java/security/PrivilegedActionException'> (0x0000000781977d08) thrown at [C:\re\workspace\8-2-build-windows-amd64-cygwin\jdk8u111\7883\hotspot\src\share\vm\prims\jvm.cpp, line 1386]
Event: 0.407 Thread 0x000000000230d800 Exception <a 'java/security/PrivilegedActionException'> (0x00000007818071e8) thrown at [C:\re\workspace\8-2-build-windows-amd64-cygwin\jdk8u111\7883\hotspot\src\share\vm\prims\jvm.cpp, line 1386]
Event: 0.407 Thread 0x000000000230d800 Exception <a 'java/security/PrivilegedActionException'> (0x00000007818075e0) thrown at [C:\re\workspace\8-2-build-windows-amd64-cygwin\jdk8u111\7883\hotspot\src\share\vm\prims\jvm.cpp, line 1386]
Event: 2.688 Thread 0x000000000230d800 Exception <a 'java/io/FileNotFoundException'> (0x0000000782f2c5f0) thrown at [C:\re\workspace\8-2-build-windows-amd64-cygwin\jdk8u111\7883\hotspot\src\share\vm\prims\jni.cpp, line 709]
Event: 2.690 Thread 0x000000000230d800 Exception <a 'java/io/FileNotFoundException'> (0x0000000782f60448) thrown at [C:\re\workspace\8-2-build-windows-amd64-cygwin\jdk8u111\7883\hotspot\src\share\vm\prims\jni.cpp, line 709]

Events (10 events):
Event: 3.724 loading class com/sun/tools/javac/comp/Check$7
Event: 3.724 loading class com/sun/tools/javac/comp/Check$7 done
Event: 3.725 loading class com/sun/tools/javac/util/MandatoryWarningHandler$DeferredDiagnosticKind
Event: 3.725 loading class com/sun/tools/javac/util/MandatoryWarningHandler$DeferredDiagnosticKind done
Event: 3.725 Thread 0x000000000230d800 Uncommon trap: trap_request=0xffffffde fr.pc=0x00000000026f0528
Event: 3.725 Thread 0x000000000230d800 DEOPT PACKING pc=0x00000000026f0528 sp=0x0000000000a0e8f0
Event: 3.725 Thread 0x000000000230d800 DEOPT UNPACKING pc=0x000000000235556a sp=0x0000000000a0e890 mode 2
Event: 3.726 Thread 0x000000000230d800 Uncommon trap: trap_request=0xffffffde fr.pc=0x00000000026f0528
Event: 3.726 Thread 0x000000000230d800 DEOPT PACKING pc=0x00000000026f0528 sp=0x0000000000a0e8f0
Event: 3.726 Thread 0x000000000230d800 DEOPT UNPACKING pc=0x000000000235556a sp=0x0000000000a0e890 mode 2


Dynamic libraries:
0x00007ff6128a0000 - 0x00007ff6128a7000 	C:\Program Files\Java\jdk1.8.0_111\bin\javac.exe
0x00007ffc66eb0000 - 0x00007ffc6705d000 	C:\Windows\SYSTEM32\ntdll.dll
0x00007ffc66ba0000 - 0x00007ffc66cde000 	C:\Windows\system32\KERNEL32.DLL
0x00007ffc643c0000 - 0x00007ffc644d6000 	C:\Windows\system32\KERNELBASE.dll
0x0000000067550000 - 0x000000006757f000 	C:\Program Files\Java\jdk1.8.0_111\bin\jli.dll
0x0000000067470000 - 0x0000000067542000 	C:\Program Files\Java\jdk1.8.0_111\bin\MSVCR100.dll
0x00007ffc65110000 - 0x00007ffc651ba000 	C:\Windows\system32\ADVAPI32.dll
0x00007ffc61d10000 - 0x00007ffc61f8b000 	C:\Windows\WinSxS\amd64_microsoft.windows.common-controls_6595b64144ccf1df_6.0.9600.18006_none_623f33d3ecbe86e8\COMCTL32.dll
0x00007ffc64560000 - 0x00007ffc646d7000 	C:\Windows\system32\USER32.dll
0x00007ffc64ac0000 - 0x00007ffc64b6a000 	C:\Windows\system32\msvcrt.dll
0x00007ffc64d30000 - 0x00007ffc64d89000 	C:\Windows\SYSTEM32\sechost.dll
0x00007ffc66730000 - 0x00007ffc66870000 	C:\Windows\system32\RPCRT4.dll
0x00007ffc64fc0000 - 0x00007ffc6510b000 	C:\Windows\system32\GDI32.dll
0x00007ffc64390000 - 0x00007ffc643be000 	C:\Windows\system32\SspiCli.dll
0x00007ffc666f0000 - 0x00007ffc66726000 	C:\Windows\system32\IMM32.DLL
0x00007ffc66ce0000 - 0x00007ffc66e31000 	C:\Windows\system32\MSCTF.dll
0x000000006a4c0000 - 0x000000006a592000 	C:\Program Files\Java\jdk1.8.0_111\jre\bin\msvcr100.dll
0x000000006a5a0000 - 0x000000006ae3a000 	C:\Program Files\Java\jdk1.8.0_111\jre\bin\server\jvm.dll
0x00007ffc62b40000 - 0x00007ffc62b49000 	C:\Windows\SYSTEM32\WSOCK32.dll
0x00007ffc56e00000 - 0x00007ffc56e22000 	C:\Windows\SYSTEM32\WINMM.dll
0x00007ffc5d350000 - 0x00007ffc5d35a000 	C:\Windows\SYSTEM32\VERSION.dll
0x00007ffc64990000 - 0x00007ffc64997000 	C:\Windows\system32\PSAPI.DLL
0x00007ffc64a60000 - 0x00007ffc64aba000 	C:\Windows\system32\WS2_32.dll
0x00007ffc56dd0000 - 0x00007ffc56dfa000 	C:\Windows\SYSTEM32\WINMMBASE.dll
0x00007ffc64920000 - 0x00007ffc64929000 	C:\Windows\system32\NSI.dll
0x00007ffc640b0000 - 0x00007ffc640ff000 	C:\Windows\SYSTEM32\cfgmgr32.dll
0x00007ffc62e80000 - 0x00007ffc62ea8000 	C:\Windows\SYSTEM32\DEVOBJ.dll
0x000000006a470000 - 0x000000006a47f000 	C:\Program Files\Java\jdk1.8.0_111\jre\bin\verify.dll
0x000000006a440000 - 0x000000006a469000 	C:\Program Files\Java\jdk1.8.0_111\jre\bin\java.dll
0x000000006a420000 - 0x000000006a436000 	C:\Program Files\Java\jdk1.8.0_111\jre\bin\zip.dll
0x00007ffc651c0000 - 0x00007ffc666ec000 	C:\Windows\system32\SHELL32.dll
0x00007ffc64d90000 - 0x00007ffc64fa2000 	C:\Windows\SYSTEM32\combase.dll
0x00007ffc64930000 - 0x00007ffc64984000 	C:\Windows\system32\SHLWAPI.dll
0x00007ffc62920000 - 0x00007ffc629d2000 	C:\Windows\SYSTEM32\SHCORE.dll
0x00007ffc63fe0000 - 0x00007ffc63ff5000 	C:\Windows\SYSTEM32\profapi.dll

VM Arguments:
jvm_args: -Dapplication.home=C:\Program Files\Java\jdk1.8.0_111 -Xms8m 
java_command: com.sun.tools.javac.Main @C:/Users/Administrator/AppData/Local/Temp/1/org.codehaus.plexus.compiler.javac.JavacCompiler1192662472871649748arguments
java_class_path (initial): C:\Program Files\Java\jdk1.8.0_111/lib/tools.jar;C:\Program Files\Java\jdk1.8.0_111/classes
Launcher Type: SUN_STANDARD

Environment Variables:
JAVA_HOME=C:\Program Files\Java\jdk1.8.0_111
PATH=C:\ProgramData\Oracle\Java\javapath;C:\Windows\system32;C:\Windows;C:\Windows\System32\Wbem;C:\Windows\System32\WindowsPowerShell\v1.0\;C:\Program Files\apache-maven-3.6.0\bin;C:\Program Files\spring-2.1.1.RELEASE\bin
USERNAME=Administrator
OS=Windows_NT
PROCESSOR_IDENTIFIER=Intel64 Family 6 Model 60 Stepping 1, GenuineIntel



---------------  S Y S T E M  ---------------

OS: Windows Server 2012 R2 , 64 bit Build 9600 (6.3.9600.17415)

CPU:total 2 (1 cores per cpu, 1 threads per core) family 6 model 60 stepping 1, cmov, cx8, fxsr, mmx, sse, sse2, sse3, ssse3, sse4.1, sse4.2, popcnt, avx, avx2, aes, clmul, erms, lzcnt, tsc, bmi1, bmi2

Memory: 4k page, physical 12287460k(4258092k free), swap 12811748k(5136k free)

vm_info: Java HotSpot(TM) 64-Bit Server VM (25.111-b14) for windows-amd64 JRE (1.8.0_111-b14), built on Sep 22 2016 19:24:05 by "java_re" with MS VC++ 10.0 (VS2010)

time: Fri Dec 28 02:12:14 2018
elapsed time: 3 seconds (0d 0h 0m 3s)

